2.0\|1.0\|1.0\|4.0\|4.47138\|NaN\|NaN\|NaN
2.0\|1.0\|2.0\|7.0\|12.69828\|NaN\|NaN\|NaN
2.0\|2.0\|3.0\|0.0\|0.0\|NaN\|NaN\|NaN
2.0\|2.0\|4.0\|10.0\|12.60878\|NaN\|NaN\|NaN
2.0\|3.0\|5.0\|5.0\|9.88086\|NaN\|NaN\|NaN
2.0\|3.0\|6.0\|1.0\|1.08416\|NaN\|NaN\|NaN
2.0\|4.0\|7.0\|0.0\|0.0\|NaN\|NaN\|NaN
2.0\|4.0\|8.0\|1.0\|1.37047\|5.26423\|2.64936\|707.0
2.0\|5.0\|9.0\|0.0\|0.0\|NaN\|NaN\|NaN
2.0\|5.0\|10.0\|5.0\|3.53072\|4.56445\|2.48111\|72.943
2.0\|6.0\|11.0\|5.0\|7.2987\|NaN\|NaN\|NaN
2.0\|6.0\|12.0\|3.0\|1.37528\|4.52654\|2.73359\|27.218
2.0\|7.0\|13.0\|0.0\|0.0\|NaN\|NaN\|NaN
2.0\|7.0\|14.0\|1.0\|0.40994\|3.90917\|2.25758\|79.425
2.0\|8.0\|15.0\|1.0\|0.10305\|NaN\|NaN\|NaN
2.0\|8.0\|16.0\|16.0\|19.37168\|4.6377\|2.85947\|64.632
2.0\|9.0\|17.0\|21.0\|25.74664\|NaN\|NaN\|NaN
2.0\|9.0\|18.0\|3.0\|1.29681\|5.62481\|3.61494\|63.579
2.0\|10.0\|19.0\|4.0\|5.24701\|NaN\|NaN\|NaN
2.0\|10.0\|20.0\|6.0\|5.49929\|5.59964\|3.78885\|42.331
2.0\|11.0\|21.0\|13.0\|12.13667\|NaN\|NaN\|NaN
2.0\|11.0\|22.0\|7.0\|11.23889\|6.1531\|4.33706\|39.178
2.0\|12.0\|23.0\|8.0\|8.71425\|NaN\|NaN\|NaN
2.0\|12.0\|24.0\|9.0\|10.02923\|6.42133\|4.70487\|33.977
2.0\|13.0\|25.0\|0.0\|0.0\|NaN\|NaN\|NaN
2.0\|13.0\|26.0\|2.0\|0.88705\|5.96149\|4.31683\|34.883
2.0\|14.0\|27.0\|3.0\|4.72903\|NaN\|NaN\|NaN
2.0\|14.0\|28.0\|2.0\|0.94147\|5.73819\|4.20018\|27.09
2.0\|15.0\|29.0\|0.0\|0.0\|NaN\|NaN\|NaN
2.0\|15.0\|30.0\|5.0\|4.92525\|5.51982\|4.06747\|21.924
2.0\|16.0\|31.0\|2.0\|1.51415\|NaN\|NaN\|NaN
2.0\|16.0\|32.0\|0.0\|0.0\|5.22215\|3.8028\|19.561
2.0\|17.0\|33.0\|6.0\|4.15576\|NaN\|NaN\|NaN
2.0\|17.0\|34.0\|7.0\|10.16176\|5.33607\|3.99804\|18.461
2.0\|18.0\|35.0\|7.0\|10.51939\|NaN\|NaN\|NaN
2.0\|18.0\|36.0\|0.0\|0.0\|5.33183\|4.07967\|16.848
2.0\|19.0\|37.0\|5.0\|2.68734\|NaN\|NaN\|NaN
2.0\|19.0\|38.0\|5.0\|6.32891\|5.28847\|4.11172\|15.342
2.0\|20.0\|39.0\|6.0\|8.39097\|NaN\|NaN\|NaN
2.0\|20.0\|40.0\|3.0\|3.24078\|5.31484\|4.20553\|14.469
2.0\|21.0\|41.0\|5.0\|3.68708\|NaN\|NaN\|NaN
2.0\|21.0\|42.0\|7.0\|12.14035\|5.4386\|4.37815\|14.196
2.0\|22.0\|43.0\|16.0\|30.04122\|NaN\|NaN\|NaN
2.0\|22.0\|44.0\|20.0\|23.084\|6.39879\|5.00975\|16.942
2.0\|23.0\|45.0\|22.0\|20.97471\|NaN\|NaN\|NaN
2.0\|23.0\|46.0\|3.0\|3.0273\|6.64237\|5.29159\|17.207
2.0\|24.0\|47.0\|1.0\|1.36137\|NaN\|NaN\|NaN
2.0\|24.0\|48.0\|9.0\|9.40799\|6.58996\|5.30522\|16.169
2.0\|25.0\|49.0\|3.0\|3.09763\|NaN\|NaN\|NaN
2.0\|25.0\|50.0\|3.0\|1.64574\|6.42123\|5.16109\|14.927
2.0\|26.0\|51.0\|2.0\|1.7512\|NaN\|NaN\|NaN
2.0\|26.0\|52.0\|0.0\|0.0\|6.20794\|4.95758\|14.3
2.0\|27.0\|53.0\|2.0\|2.69908\|NaN\|NaN\|NaN
2.0\|27.0\|54.0\|1.0\|0.17011\|6.03115\|4.79083\|13.38
2.0\|28.0\|55.0\|2.0\|0.71983\|NaN\|NaN\|NaN
2.0\|28.0\|56.0\|8.0\|9.93103\|6.00594\|4.81973\|12.856
2.0\|29.0\|57.0\|7.0\|17.29822\|NaN\|NaN\|NaN
2.0\|29.0\|58.0\|2.0\|1.53346\|6.12353\|4.98018\|12.906
2.0\|30.0\|59.0\|3.0\|2.54872\|NaN\|NaN\|NaN
2.0\|30.0\|60.0\|13.0\|20.28864\|6.30003\|5.18533\|13.156
2.0\|31.0\|61.0\|12.0\|27.16461\|NaN\|NaN\|NaN
2.0\|31.0\|62.0\|0.0\|0.0\|6.53495\|5.43284\|13.584
2.0\|32.0\|63.0\|2.0\|1.4602\|NaN\|NaN\|NaN
2.0\|32.0\|64.0\|11.0\|10.31973\|6.51479\|5.45657\|13.169
2.0\|33.0\|65.0\|0.0\|0.0\|NaN\|NaN\|NaN
2.0\|33.0\|66.0\|3.0\|2.90766\|6.36143\|5.30277\|12.577
2.0\|34.0\|67.0\|7.0\|6.68066\|NaN\|NaN\|NaN
2.0\|34.0\|68.0\|0.0\|0.0\|6.27257\|5.23642\|12.027
2.0\|35.0\|69.0\|2.0\|0.90212\|NaN\|NaN\|NaN
2.0\|35.0\|70.0\|5.0\|5.88858\|6.19036\|5.17651\|11.538
2.0\|36.0\|71.0\|10.0\|15.36403\|NaN\|NaN\|NaN
2.0\|36.0\|72.0\|5.0\|4.46903\|6.29387\|5.31137\|11.63
2.0\|37.0\|73.0\|8.0\|8.76034\|NaN\|NaN\|NaN
2.0\|37.0\|74.0\|13.0\|36.95262\|6.74151\|5.6697\|12.537
2.0\|38.0\|75.0\|9.0\|72.14198\|NaN\|NaN\|NaN
2.0\|38.0\|76.0\|8.0\|2.8646\|7.55101\|6.20417\|14.124
2.0\|39.0\|77.0\|4.0\|2.81097\|NaN\|NaN\|NaN
2.0\|39.0\|78.0\|5.0\|3.08306\|7.43296\|6.10066\|13.549
2.0\|40.0\|79.0\|6.0\|4.20911\|NaN\|NaN\|NaN
2.0\|40.0\|80.0\|3.0\|2.76767\|7.33434\|6.02288\|13.05
2.0\|41.0\|81.0\|2.0\|1.15612\|NaN\|NaN\|NaN
2.0\|41.0\|82.0\|6.0\|10.22595\|7.29426\|6.02037\|12.743
2.0\|42.0\|83.0\|8.0\|9.04526\|NaN\|NaN\|NaN
2.0\|42.0\|84.0\|1.0\|1.47052\|7.24578\|6.00502\|12.43
2.0\|43.0\|85.0\|0.0\|0.0\|NaN\|NaN\|NaN
2.0\|43.0\|86.0\|8.0\|5.18599\|7.13757\|5.90615\|12.005
2.0\|44.0\|87.0\|6.0\|5.42537\|NaN\|NaN\|NaN
2.0\|44.0\|88.0\|0.0\|0.0\|7.03701\|5.81648\|11.615
2.0\|45.0\|89.0\|7.0\|7.60453\|NaN\|NaN\|NaN
2.0\|45.0\|90.0\|1.0\|0.1843\|6.96717\|5.76808\|11.301
2.0\|46.0\|91.0\|3.0\|3.33274\|NaN\|NaN\|NaN
2.0\|46.0\|92.0\|6.0\|7.41717\|6.93256\|5.76313\|11.091
2.0\|47.0\|93.0\|2.0\|1.59819\|NaN\|NaN\|NaN
2.0\|47.0\|94.0\|5.0\|3.0229\|6.83422\|5.67171\|10.768
2.0\|48.0\|95.0\|9.0\|7.00196\|NaN\|NaN\|NaN
2.0\|48.0\|96.0\|7.0\|4.69575\|6.81369\|5.68072\|10.616
2.0\|49.0\|97.0\|10.0\|10.72587\|NaN\|NaN\|NaN
2.0\|49.0\|98.0\|13.0\|11.00642\|6.8964\|5.79072\|10.724
2.0\|50.0\|99.0\|14.0\|20.29626\|NaN\|NaN\|NaN
2.0\|50.0\|100.0\|6.0\|8.43628\|7.0458\|5.95317\|10.976
2.0\|1.0\|1.0\|4.0\|4.47138\|NaN\|NaN\|NaN
2.0\|1.0\|2.0\|7.0\|12.69828\|NaN\|NaN\|NaN
2.0\|2.0\|3.0\|0.0\|0.0\|NaN\|NaN\|NaN
2.0\|2.0\|4.0\|10.0\|12.60878\|NaN\|NaN\|NaN
2.0\|3.0\|5.0\|5.0\|9.88086\|NaN\|NaN\|NaN
2.0\|3.0\|6.0\|1.0\|1.08416\|NaN\|NaN\|NaN
2.0\|4.0\|7.0\|0.0\|0.0\|NaN\|NaN\|NaN
2.0\|4.0\|8.0\|1.0\|1.37047\|5.26423\|2.64936\|707.0
2.0\|5.0\|9.0\|0.0\|0.0\|NaN\|NaN\|NaN
2.0\|5.0\|10.0\|5.0\|3.53072\|4.56445\|2.48111\|72.943
2.0\|6.0\|11.0\|5.0\|7.2987\|NaN\|NaN\|NaN
2.0\|6.0\|12.0\|3.0\|1.37528\|4.52654\|2.73359\|27.218
2.0\|7.0\|13.0\|0.0\|0.0\|NaN\|NaN\|NaN
2.0\|7.0\|14.0\|1.0\|0.40994\|3.90917\|2.25758\|79.425
2.0\|8.0\|15.0\|1.0\|0.10305\|NaN\|NaN\|NaN
2.0\|8.0\|16.0\|16.0\|19.37168\|4.6377\|2.85947\|64.632
2.0\|9.0\|17.0\|21.0\|25.74664\|NaN\|NaN\|NaN
2.0\|9.0\|18.0\|3.0\|1.29681\|5.62481\|3.61494\|63.579
2.0\|10.0\|19.0\|4.0\|5.24701\|NaN\|NaN\|NaN
2.0\|10.0\|20.0\|6.0\|5.49929\|5.59964\|3.78885\|42.331
2.0\|11.0\|21.0\|13.0\|12.13667\|NaN\|NaN\|NaN
2.0\|11.0\|22.0\|7.0\|11.23889\|6.1531\|4.33706\|39.178
2.0\|12.0\|23.0\|8.0\|8.71425\|NaN\|NaN\|NaN
2.0\|12.0\|24.0\|9.0\|10.02923\|6.42133\|4.70487\|33.977
2.0\|13.0\|25.0\|0.0\|0.0\|NaN\|NaN\|NaN
2.0\|13.0\|26.0\|2.0\|0.88705\|5.96149\|4.31683\|34.883
2.0\|14.0\|27.0\|3.0\|4.72903\|NaN\|NaN\|NaN
2.0\|14.0\|28.0\|2.0\|0.94147\|5.73819\|4.20018\|27.09
2.0\|15.0\|29.0\|0.0\|0.0\|NaN\|NaN\|NaN
2.0\|15.0\|30.0\|5.0\|4.92525\|5.51982\|4.06747\|21.924
2.0\|16.0\|31.0\|2.0\|1.51415\|NaN\|NaN\|NaN
2.0\|16.0\|32.0\|0.0\|0.0\|5.22215\|3.8028\|19.561
2.0\|17.0\|33.0\|6.0\|4.15576\|NaN\|NaN\|NaN
2.0\|17.0\|34.0\|7.0\|10.16176\|5.33607\|3.99804\|18.461
2.0\|18.0\|35.0\|7.0\|10.51939\|NaN\|NaN\|NaN
2.0\|18.0\|36.0\|0.0\|0.0\|5.33183\|4.07967\|16.848
2.0\|19.0\|37.0\|5.0\|2.68734\|NaN\|NaN\|NaN
2.0\|19.0\|38.0\|5.0\|6.32891\|5.28847\|4.11172\|15.342
2.0\|20.0\|39.0\|6.0\|8.39097\|NaN\|NaN\|NaN
2.0\|20.0\|40.0\|3.0\|3.24078\|5.31484\|4.20553\|14.469
2.0\|21.0\|41.0\|5.0\|3.68708\|NaN\|NaN\|NaN
2.0\|21.0\|42.0\|7.0\|12.14035\|5.4386\|4.37815\|14.196
2.0\|22.0\|43.0\|16.0\|30.04122\|NaN\|NaN\|NaN
2.0\|22.0\|44.0\|20.0\|23.084\|6.39879\|5.00975\|16.942
2.0\|23.0\|45.0\|22.0\|20.97471\|NaN\|NaN\|NaN
2.0\|23.0\|46.0\|3.0\|3.0273\|6.64237\|5.29159\|17.207
2.0\|24.0\|47.0\|1.0\|1.36137\|NaN\|NaN\|NaN
2.0\|24.0\|48.0\|9.0\|9.40799\|6.58996\|5.30522\|16.169
2.0\|25.0\|49.0\|3.0\|3.09763\|NaN\|NaN\|NaN
2.0\|25.0\|50.0\|3.0\|1.64574\|6.42123\|5.16109\|14.927
2.0\|26.0\|51.0\|2.0\|1.7512\|NaN\|NaN\|NaN
2.0\|26.0\|52.0\|0.0\|0.0\|6.20794\|4.95758\|14.3
2.0\|27.0\|53.0\|2.0\|2.69908\|NaN\|NaN\|NaN
2.0\|27.0\|54.0\|1.0\|0.17011\|6.03115\|4.79083\|13.38
2.0\|28.0\|55.0\|2.0\|0.71983\|NaN\|NaN\|NaN
2.0\|28.0\|56.0\|8.0\|9.93103\|6.00594\|4.81973\|12.856
2.0\|29.0\|57.0\|7.0\|17.29822\|NaN\|NaN\|NaN
2.0\|29.0\|58.0\|2.0\|1.53346\|6.12353\|4.98018\|12.906
2.0\|30.0\|59.0\|3.0\|2.54872\|NaN\|NaN\|NaN
2.0\|30.0\|60.0\|13.0\|20.28864\|6.30003\|5.18533\|13.156
2.0\|31.0\|61.0\|12.0\|27.16461\|NaN\|NaN\|NaN
2.0\|31.0\|62.0\|0.0\|0.0\|6.53495\|5.43284\|13.584
2.0\|32.0\|63.0\|2.0\|1.4602\|NaN\|NaN\|NaN
2.0\|32.0\|64.0\|11.0\|10.31973\|6.51479\|5.45657\|13.169
2.0\|33.0\|65.0\|0.0\|0.0\|NaN\|NaN\|NaN
2.0\|33.0\|66.0\|3.0\|2.90766\|6.36143\|5.30277\|12.577
2.0\|34.0\|67.0\|7.0\|6.68066\|NaN\|NaN\|NaN
2.0\|34.0\|68.0\|0.0\|0.0\|6.27257\|5.23642\|12.027
2.0\|35.0\|69.0\|2.0\|0.90212\|NaN\|NaN\|NaN
2.0\|35.0\|70.0\|5.0\|5.88858\|6.19036\|5.17651\|11.538
2.0\|36.0\|71.0\|10.0\|15.36403\|NaN\|NaN\|NaN
2.0\|36.0\|72.0\|5.0\|4.46903\|6.29387\|5.31137\|11.63
2.0\|37.0\|73.0\|8.0\|8.76034\|NaN\|NaN\|NaN
2.0\|37.0\|74.0\|13.0\|36.95262\|6.74151\|5.6697\|12.537
2.0\|38.0\|75.0\|9.0\|72.14198\|NaN\|NaN\|NaN
2.0\|38.0\|76.0\|8.0\|2.8646\|7.55101\|6.20417\|14.124
2.0\|39.0\|77.0\|4.0\|2.81097\|NaN\|NaN\|NaN
2.0\|39.0\|78.0\|5.0\|3.08306\|7.43296\|6.10066\|13.549
2.0\|40.0\|79.0\|6.0\|4.20911\|NaN\|NaN\|NaN
2.0\|40.0\|80.0\|3.0\|2.76767\|7.33434\|6.02288\|13.05
2.0\|41.0\|81.0\|2.0\|1.15612\|NaN\|NaN\|NaN
2.0\|41.0\|82.0\|6.0\|10.22595\|7.29426\|6.02037\|12.743
2.0\|42.0\|83.0\|8.0\|9.04526\|NaN\|NaN\|NaN
2.0\|42.0\|84.0\|1.0\|1.47052\|7.24578\|6.00502\|12.43
2.0\|43.0\|85.0\|0.0\|0.0\|NaN\|NaN\|NaN
2.0\|43.0\|86.0\|8.0\|5.18599\|7.13757\|5.90615\|12.005
2.0\|44.0\|87.0\|6.0\|5.42537\|NaN\|NaN\|NaN
2.0\|44.0\|88.0\|0.0\|0.0\|7.03701\|5.81648\|11.615
2.0\|45.0\|89.0\|7.0\|7.60453\|NaN\|NaN\|NaN
2.0\|45.0\|90.0\|1.0\|0.1843\|6.96717\|5.76808\|11.301
2.0\|46.0\|91.0\|3.0\|3.33274\|NaN\|NaN\|NaN
2.0\|46.0\|92.0\|6.0\|7.41717\|6.93256\|5.76313\|11.091
2.0\|47.0\|93.0\|2.0\|1.59819\|NaN\|NaN\|NaN
2.0\|47.0\|94.0\|5.0\|3.0229\|6.83422\|5.67171\|10.768
2.0\|48.0\|95.0\|9.0\|7.00196\|NaN\|NaN\|NaN
2.0\|48.0\|96.0\|7.0\|4.69575\|6.81369\|5.68072\|10.616
2.0\|49.0\|97.0\|10.0\|10.72587\|NaN\|NaN\|NaN
2.0\|49.0\|98.0\|13.0\|11.00642\|6.8964\|5.79072\|10.724
2.0\|50.0\|99.0\|14.0\|20.29626\|NaN\|NaN\|NaN
2.0\|50.0\|100.0\|6.0\|8.43628\|7.0458\|5.95317\|10.976
